// Jest Snapshot v1, https://goo.gl/fbAQLP

exports[`should collect data 1`] = `
Object {
  "collectedEntities": Array [
    Object {
      "_class": Array [
        "Account",
      ],
      "_key": "auth0-account:local-integration-instance",
      "_rawData": Array [
        Object {
          "name": "default",
          "rawData": Object {
            "id": "Auth0 Account",
            "name": "Auth0 Account",
          },
        },
      ],
      "_type": "auth0_account",
      "createdOn": undefined,
      "displayName": "Auth0 Account",
      "id": "Auth0 Account",
      "name": "Auth0 Account",
      "webLink": "https://manage.auth0.com/dashboard/us/dev-jupiterone/",
    },
    Object {
      "_class": Array [
        "User",
      ],
      "_key": "auth0|60997dbb9201390068ed3573",
      "_rawData": Array [
        Object {
          "name": "default",
          "rawData": Object {
            "created_at": "2021-05-10T18:38:51.757Z",
            "email": "adam.williams@jupiterone.com",
            "email_verified": false,
            "identities": Array [
              Object {
                "connection": "Username-Password-Authentication",
                "isSocial": false,
                "provider": "auth0",
                "user_id": "60997dbb9201390068ed3573",
              },
            ],
            "name": "adam.williams@jupiterone.com",
            "nickname": "adam.williams",
            "picture": "https://s.gravatar.com/avatar/9ea4fa51e96ace12abc2f580a55d8dd7?s=480&r=pg&d=https%3A%2F%2Fcdn.auth0.com%2Favatars%2Fad.png",
            "updated_at": "2021-05-10T18:38:51.757Z",
            "user_id": "auth0|60997dbb9201390068ed3573",
          },
        },
      ],
      "_type": "auth0_user",
      "appMetadata": undefined,
      "blocked": undefined,
      "createdAt": "2021-05-10T18:38:51.757Z",
      "createdOn": undefined,
      "displayName": "adam.williams@jupiterone.com",
      "email": "adam.williams@jupiterone.com",
      "emailVerified": false,
      "familyName": undefined,
      "givenName": undefined,
      "identities": "[{\\"connection\\":\\"Username-Password-Authentication\\",\\"user_id\\":\\"60997dbb9201390068ed3573\\",\\"provider\\":\\"auth0\\",\\"isSocial\\":false}]",
      "lastIp": undefined,
      "lastLogin": undefined,
      "loginsCount": undefined,
      "multifactor": undefined,
      "name": "adam.williams@jupiterone.com",
      "nickname": "adam.williams",
      "phoneNumber": undefined,
      "phoneVerified": undefined,
      "picture": "https://s.gravatar.com/avatar/9ea4fa51e96ace12abc2f580a55d8dd7?s=480&r=pg&d=https%3A%2F%2Fcdn.auth0.com%2Favatars%2Fad.png",
      "updatedAt": "2021-05-10T18:38:51.757Z",
      "userId": "auth0|60997dbb9201390068ed3573",
      "userMetadata": undefined,
      "username": "",
      "webLink": "https://manage.auth0.com/dashboard/us/dev-jupiterone/users",
    },
    Object {
      "_class": Array [
        "User",
      ],
      "_key": "auth0|6094191d9201390068ecb1da",
      "_rawData": Array [
        Object {
          "name": "default",
          "rawData": Object {
            "created_at": "2021-05-06T16:28:13.644Z",
            "email": "thomaskevincasey74@gmail.com",
            "email_verified": false,
            "identities": Array [
              Object {
                "connection": "Username-Password-Authentication",
                "isSocial": false,
                "provider": "auth0",
                "user_id": "6094191d9201390068ecb1da",
              },
            ],
            "name": "thomaskevincasey74@gmail.com",
            "nickname": "thomaskevincasey74",
            "picture": "https://s.gravatar.com/avatar/94067c015850e0f500a37895e62dc45f?s=480&r=pg&d=https%3A%2F%2Fcdn.auth0.com%2Favatars%2Fth.png",
            "updated_at": "2021-05-06T16:28:13.644Z",
            "user_id": "auth0|6094191d9201390068ecb1da",
          },
        },
      ],
      "_type": "auth0_user",
      "appMetadata": undefined,
      "blocked": undefined,
      "createdAt": "2021-05-06T16:28:13.644Z",
      "createdOn": undefined,
      "displayName": "thomaskevincasey74@gmail.com",
      "email": "thomaskevincasey74@gmail.com",
      "emailVerified": false,
      "familyName": undefined,
      "givenName": undefined,
      "identities": "[{\\"connection\\":\\"Username-Password-Authentication\\",\\"user_id\\":\\"6094191d9201390068ecb1da\\",\\"provider\\":\\"auth0\\",\\"isSocial\\":false}]",
      "lastIp": undefined,
      "lastLogin": undefined,
      "loginsCount": undefined,
      "multifactor": undefined,
      "name": "thomaskevincasey74@gmail.com",
      "nickname": "thomaskevincasey74",
      "phoneNumber": undefined,
      "phoneVerified": undefined,
      "picture": "https://s.gravatar.com/avatar/94067c015850e0f500a37895e62dc45f?s=480&r=pg&d=https%3A%2F%2Fcdn.auth0.com%2Favatars%2Fth.png",
      "updatedAt": "2021-05-06T16:28:13.644Z",
      "userId": "auth0|6094191d9201390068ecb1da",
      "userMetadata": undefined,
      "username": "",
      "webLink": "https://manage.auth0.com/dashboard/us/dev-jupiterone/users",
    },
    Object {
      "_class": Array [
        "Application",
      ],
      "_key": "PulUF0aKgsMvkoJRsyicnqNWnPViL9ru",
      "_rawData": Array [
        Object {
          "name": "default",
          "rawData": Object {
            "callback_url_template": false,
            "callbacks": Array [],
            "client_id": "PulUF0aKgsMvkoJRsyicnqNWnPViL9ru",
            "cross_origin_auth": false,
            "custom_login_page_on": true,
            "global": false,
            "grant_types": Array [
              "authorization_code",
              "implicit",
              "refresh_token",
              "client_credentials",
            ],
            "is_first_party": true,
            "is_token_endpoint_ip_header_trusted": false,
            "name": "Default App",
            "oidc_conformant": true,
            "refresh_token": Object {
              "expiration_type": "non-expiring",
              "idle_token_lifetime": 1296000,
              "infinite_idle_token_lifetime": true,
              "infinite_token_lifetime": true,
              "leeway": 0,
              "rotation_type": "non-rotating",
              "token_lifetime": 2592000,
            },
            "sso_disabled": false,
            "tenant": "dev-jupiterone",
          },
        },
      ],
      "_type": "auth0_client",
      "allowedClients": undefined,
      "allowedLogoutUrls": undefined,
      "allowedOrigins": undefined,
      "appType": undefined,
      "callbacks": Array [],
      "clientAliases": undefined,
      "clientId": "PulUF0aKgsMvkoJRsyicnqNWnPViL9ru",
      "createdOn": undefined,
      "crossOriginAuth": false,
      "crossOriginLoc": undefined,
      "customLoginPage": undefined,
      "customLoginPageOn": true,
      "customLoginPagePreview": undefined,
      "description": undefined,
      "displayName": "Default App",
      "formTemplate": undefined,
      "global": false,
      "grantTypes": Array [
        "authorization_code",
        "implicit",
        "refresh_token",
        "client_credentials",
      ],
      "initiateLoginUri": undefined,
      "isFirstParty": true,
      "logoUri": undefined,
      "name": "Default App",
      "oidcConformant": true,
      "organizationRequireBehavior": undefined,
      "organizationUsage": undefined,
      "sso": undefined,
      "ssoDisabled": false,
      "tenant": "dev-jupiterone",
      "tokenEndpointAuthMethod": undefined,
      "tokenExpirationType": "non-expiring",
      "tokenIdleTokenLifetime": 1296000,
      "tokenInfiniteIdleTokenLifetime": true,
      "tokenInfiniteTokenLifetime": true,
      "tokenTokenLifetime": 2592000,
      "webLink": "https://manage.auth0.com/dashboard/us/dev-jupiterone/applications/PulUF0aKgsMvkoJRsyicnqNWnPViL9ru/settings",
      "webOrigins": undefined,
    },
    Object {
      "_class": Array [
        "Application",
      ],
      "_key": "yu8tHR4MEqzMWInatMKDKsnd9WplZ560",
      "_rawData": Array [
        Object {
          "name": "default",
          "rawData": Object {
            "allowed_clients": Array [],
            "app_type": "non_interactive",
            "callback_url_template": false,
            "callbacks": Array [],
            "client_aliases": Array [],
            "client_id": "yu8tHR4MEqzMWInatMKDKsnd9WplZ560",
            "cross_origin_auth": false,
            "custom_login_page_on": true,
            "global": false,
            "grant_types": Array [
              "client_credentials",
              "authorization_code",
            ],
            "is_first_party": true,
            "is_token_endpoint_ip_header_trusted": false,
            "name": "Auth0 Management API (Test Application)",
            "oidc_conformant": true,
            "refresh_token": Object {
              "expiration_type": "non-expiring",
              "idle_token_lifetime": 2592000,
              "infinite_idle_token_lifetime": true,
              "infinite_token_lifetime": true,
              "leeway": 0,
              "rotation_type": "non-rotating",
              "token_lifetime": 31557600,
            },
            "sso_disabled": false,
            "tenant": "dev-jupiterone",
            "token_endpoint_auth_method": "client_secret_post",
          },
        },
      ],
      "_type": "auth0_client",
      "allowedClients": Array [],
      "allowedLogoutUrls": undefined,
      "allowedOrigins": undefined,
      "appType": "non_interactive",
      "callbacks": Array [],
      "clientAliases": Array [],
      "clientId": "yu8tHR4MEqzMWInatMKDKsnd9WplZ560",
      "createdOn": undefined,
      "crossOriginAuth": false,
      "crossOriginLoc": undefined,
      "customLoginPage": undefined,
      "customLoginPageOn": true,
      "customLoginPagePreview": undefined,
      "description": undefined,
      "displayName": "Auth0 Management API (Test Application)",
      "formTemplate": undefined,
      "global": false,
      "grantTypes": Array [
        "client_credentials",
        "authorization_code",
      ],
      "initiateLoginUri": undefined,
      "isFirstParty": true,
      "logoUri": undefined,
      "name": "Auth0 Management API (Test Application)",
      "oidcConformant": true,
      "organizationRequireBehavior": undefined,
      "organizationUsage": undefined,
      "sso": undefined,
      "ssoDisabled": false,
      "tenant": "dev-jupiterone",
      "tokenEndpointAuthMethod": "client_secret_post",
      "tokenExpirationType": "non-expiring",
      "tokenIdleTokenLifetime": 2592000,
      "tokenInfiniteIdleTokenLifetime": true,
      "tokenInfiniteTokenLifetime": true,
      "tokenTokenLifetime": 31557600,
      "webLink": "https://manage.auth0.com/dashboard/us/dev-jupiterone/applications/yu8tHR4MEqzMWInatMKDKsnd9WplZ560/settings",
      "webOrigins": undefined,
    },
    Object {
      "_class": Array [
        "Application",
      ],
      "_key": "yBj8wIc4Xb4AWUgg0tAluVcmvxjGovCa",
      "_rawData": Array [
        Object {
          "name": "default",
          "rawData": Object {
            "callbacks": Array [],
            "client_id": "yBj8wIc4Xb4AWUgg0tAluVcmvxjGovCa",
            "global": true,
            "is_first_party": true,
            "name": "All Applications",
            "owners": Array [
              "mr|auth0|609315f6b9c14800692fd98f",
            ],
            "refresh_token": Object {
              "expiration_type": "non-expiring",
              "idle_token_lifetime": 1296000,
              "infinite_idle_token_lifetime": true,
              "infinite_token_lifetime": true,
              "leeway": 0,
              "rotation_type": "non-rotating",
              "token_lifetime": 2592000,
            },
            "tenant": "dev-jupiterone",
          },
        },
      ],
      "_type": "auth0_client",
      "allowedClients": undefined,
      "allowedLogoutUrls": undefined,
      "allowedOrigins": undefined,
      "appType": undefined,
      "callbacks": Array [],
      "clientAliases": undefined,
      "clientId": "yBj8wIc4Xb4AWUgg0tAluVcmvxjGovCa",
      "createdOn": undefined,
      "crossOriginAuth": undefined,
      "crossOriginLoc": undefined,
      "customLoginPage": undefined,
      "customLoginPageOn": undefined,
      "customLoginPagePreview": undefined,
      "description": undefined,
      "displayName": "All Applications",
      "formTemplate": undefined,
      "global": true,
      "grantTypes": undefined,
      "initiateLoginUri": undefined,
      "isFirstParty": true,
      "logoUri": undefined,
      "name": "All Applications",
      "oidcConformant": undefined,
      "organizationRequireBehavior": undefined,
      "organizationUsage": undefined,
      "sso": undefined,
      "ssoDisabled": undefined,
      "tenant": "dev-jupiterone",
      "tokenEndpointAuthMethod": undefined,
      "tokenExpirationType": "non-expiring",
      "tokenIdleTokenLifetime": 1296000,
      "tokenInfiniteIdleTokenLifetime": true,
      "tokenInfiniteTokenLifetime": true,
      "tokenTokenLifetime": 2592000,
      "webLink": "https://manage.auth0.com/dashboard/us/dev-jupiterone/applications/yBj8wIc4Xb4AWUgg0tAluVcmvxjGovCa/settings",
      "webOrigins": undefined,
    },
  ],
  "collectedRelationships": Array [
    Object {
      "_class": "HAS",
      "_fromEntityKey": "auth0-account:local-integration-instance",
      "_key": "auth0-account:local-integration-instance|has|auth0|60997dbb9201390068ed3573",
      "_toEntityKey": "auth0|60997dbb9201390068ed3573",
      "_type": "auth0_account_has_user",
      "displayName": "HAS",
    },
    Object {
      "_class": "HAS",
      "_fromEntityKey": "auth0-account:local-integration-instance",
      "_key": "auth0-account:local-integration-instance|has|auth0|6094191d9201390068ecb1da",
      "_toEntityKey": "auth0|6094191d9201390068ecb1da",
      "_type": "auth0_account_has_user",
      "displayName": "HAS",
    },
    Object {
      "_class": "HAS",
      "_fromEntityKey": "auth0-account:local-integration-instance",
      "_key": "auth0-account:local-integration-instance|has|PulUF0aKgsMvkoJRsyicnqNWnPViL9ru",
      "_toEntityKey": "PulUF0aKgsMvkoJRsyicnqNWnPViL9ru",
      "_type": "auth0_account_has_client",
      "displayName": "HAS",
    },
    Object {
      "_class": "HAS",
      "_fromEntityKey": "auth0-account:local-integration-instance",
      "_key": "auth0-account:local-integration-instance|has|yu8tHR4MEqzMWInatMKDKsnd9WplZ560",
      "_toEntityKey": "yu8tHR4MEqzMWInatMKDKsnd9WplZ560",
      "_type": "auth0_account_has_client",
      "displayName": "HAS",
    },
    Object {
      "_class": "HAS",
      "_fromEntityKey": "auth0-account:local-integration-instance",
      "_key": "auth0-account:local-integration-instance|has|yBj8wIc4Xb4AWUgg0tAluVcmvxjGovCa",
      "_toEntityKey": "yBj8wIc4Xb4AWUgg0tAluVcmvxjGovCa",
      "_type": "auth0_account_has_client",
      "displayName": "HAS",
    },
  ],
  "encounteredTypes": Array [
    "auth0_account",
    "auth0_user",
    "auth0_account_has_user",
    "auth0_client",
    "auth0_account_has_client",
  ],
  "numCollectedEntities": 6,
  "numCollectedRelationships": 5,
}
`;
